// Jest Snapshot v1, https://goo.gl/fbAQLP

exports[`horizontal layout one row, multiple columns, one page 1`] = `
[
  {
    "columns": [
      {
        "bboxes": [
          BBox {
            "height": 23,
            "width": 100,
            "x": 0,
            "y": 0,
          },
        ],
        "columnHeight": 23,
        "columnWidth": 100,
        "indices": [
          0,
        ],
      },
      {
        "bboxes": [
          BBox {
            "height": 23,
            "width": 120,
            "x": 0,
            "y": 0,
          },
        ],
        "columnHeight": 23,
        "columnWidth": 120,
        "indices": [
          1,
        ],
      },
      {
        "bboxes": [
          BBox {
            "height": 23,
            "width": 140,
            "x": 0,
            "y": 0,
          },
        ],
        "columnHeight": 23,
        "columnWidth": 140,
        "indices": [
          2,
        ],
      },
      {
        "bboxes": [
          BBox {
            "height": 23,
            "width": 140,
            "x": 0,
            "y": 0,
          },
        ],
        "columnHeight": 23,
        "columnWidth": 140,
        "indices": [
          3,
        ],
      },
    ],
    "endIndex": 3,
    "pageHeight": 23,
    "pageWidth": 500,
    "startIndex": 0,
  },
]
`;

exports[`horizontal layout two rows, multiple columns, one page 1`] = `
[
  {
    "columns": [
      {
        "bboxes": [
          BBox {
            "height": 23,
            "width": 100,
            "x": 0,
            "y": 0,
          },
          BBox {
            "height": 23,
            "width": 100,
            "x": 0,
            "y": 0,
          },
        ],
        "columnHeight": 46,
        "columnWidth": 100,
        "indices": [
          0,
          4,
        ],
      },
      {
        "bboxes": [
          BBox {
            "height": 23,
            "width": 120,
            "x": 0,
            "y": 0,
          },
          BBox {
            "height": 23,
            "width": 120,
            "x": 0,
            "y": 0,
          },
        ],
        "columnHeight": 46,
        "columnWidth": 120,
        "indices": [
          1,
          5,
        ],
      },
      {
        "bboxes": [
          BBox {
            "height": 23,
            "width": 140,
            "x": 0,
            "y": 0,
          },
          BBox {
            "height": 23,
            "width": 140,
            "x": 0,
            "y": 0,
          },
        ],
        "columnHeight": 46,
        "columnWidth": 140,
        "indices": [
          2,
          6,
        ],
      },
      {
        "bboxes": [
          BBox {
            "height": 23,
            "width": 140,
            "x": 0,
            "y": 0,
          },
          BBox {
            "height": 23,
            "width": 140,
            "x": 0,
            "y": 0,
          },
        ],
        "columnHeight": 46,
        "columnWidth": 140,
        "indices": [
          3,
          7,
        ],
      },
    ],
    "endIndex": 7,
    "pageHeight": 46,
    "pageWidth": 500,
    "startIndex": 0,
  },
]
`;

exports[`horizontal layout two rows, multiple columns, one page, mixed item widths in single column  1`] = `
[
  {
    "columns": [
      {
        "bboxes": [
          BBox {
            "height": 23,
            "width": 100,
            "x": 0,
            "y": 0,
          },
          BBox {
            "height": 23,
            "width": 130,
            "x": 0,
            "y": 0,
          },
        ],
        "columnHeight": 46,
        "columnWidth": 130,
        "indices": [
          0,
          4,
        ],
      },
      {
        "bboxes": [
          BBox {
            "height": 23,
            "width": 120,
            "x": 0,
            "y": 0,
          },
          BBox {
            "height": 23,
            "width": 125,
            "x": 0,
            "y": 0,
          },
        ],
        "columnHeight": 46,
        "columnWidth": 125,
        "indices": [
          1,
          5,
        ],
      },
      {
        "bboxes": [
          BBox {
            "height": 23,
            "width": 125,
            "x": 0,
            "y": 0,
          },
          BBox {
            "height": 23,
            "width": 120,
            "x": 0,
            "y": 0,
          },
        ],
        "columnHeight": 46,
        "columnWidth": 125,
        "indices": [
          2,
          6,
        ],
      },
      {
        "bboxes": [
          BBox {
            "height": 23,
            "width": 130,
            "x": 0,
            "y": 0,
          },
          BBox {
            "height": 23,
            "width": 100,
            "x": 0,
            "y": 0,
          },
        ],
        "columnHeight": 46,
        "columnWidth": 130,
        "indices": [
          3,
          7,
        ],
      },
    ],
    "endIndex": 7,
    "pageHeight": 46,
    "pageWidth": 510,
    "startIndex": 0,
  },
]
`;

exports[`horizontal layout two rows, multiple columns, two page, mixed item widths in single column  1`] = `
[
  {
    "columns": [
      {
        "bboxes": [
          BBox {
            "height": 23,
            "width": 100,
            "x": 0,
            "y": 0,
          },
          BBox {
            "height": 23,
            "width": 140,
            "x": 0,
            "y": 0,
          },
        ],
        "columnHeight": 46,
        "columnWidth": 140,
        "indices": [
          0,
          3,
        ],
      },
      {
        "bboxes": [
          BBox {
            "height": 23,
            "width": 120,
            "x": 0,
            "y": 0,
          },
          BBox {
            "height": 23,
            "width": 140,
            "x": 0,
            "y": 0,
          },
        ],
        "columnHeight": 46,
        "columnWidth": 140,
        "indices": [
          1,
          4,
        ],
      },
      {
        "bboxes": [
          BBox {
            "height": 23,
            "width": 140,
            "x": 0,
            "y": 0,
          },
          BBox {
            "height": 23,
            "width": 140,
            "x": 0,
            "y": 0,
          },
        ],
        "columnHeight": 46,
        "columnWidth": 140,
        "indices": [
          2,
          5,
        ],
      },
    ],
    "endIndex": 5,
    "pageHeight": 46,
    "pageWidth": 420,
    "startIndex": 0,
  },
  {
    "columns": [
      {
        "bboxes": [
          BBox {
            "height": 23,
            "width": 120,
            "x": 0,
            "y": 0,
          },
        ],
        "columnHeight": 23,
        "columnWidth": 120,
        "indices": [
          6,
        ],
      },
      {
        "bboxes": [
          BBox {
            "height": 23,
            "width": 100,
            "x": 0,
            "y": 0,
          },
        ],
        "columnHeight": 23,
        "columnWidth": 100,
        "indices": [
          7,
        ],
      },
    ],
    "endIndex": 7,
    "pageHeight": 23,
    "pageWidth": 220,
    "startIndex": 6,
  },
]
`;

exports[`horizontal layout two rows, multiple columns, two pages 1`] = `
[
  {
    "columns": [
      {
        "bboxes": [
          BBox {
            "height": 23,
            "width": 100,
            "x": 0,
            "y": 0,
          },
          BBox {
            "height": 23,
            "width": 100,
            "x": 0,
            "y": 0,
          },
        ],
        "columnHeight": 46,
        "columnWidth": 100,
        "indices": [
          0,
          4,
        ],
      },
      {
        "bboxes": [
          BBox {
            "height": 23,
            "width": 120,
            "x": 0,
            "y": 0,
          },
          BBox {
            "height": 23,
            "width": 120,
            "x": 0,
            "y": 0,
          },
        ],
        "columnHeight": 46,
        "columnWidth": 120,
        "indices": [
          1,
          5,
        ],
      },
      {
        "bboxes": [
          BBox {
            "height": 23,
            "width": 140,
            "x": 0,
            "y": 0,
          },
          BBox {
            "height": 23,
            "width": 140,
            "x": 0,
            "y": 0,
          },
        ],
        "columnHeight": 46,
        "columnWidth": 140,
        "indices": [
          2,
          6,
        ],
      },
      {
        "bboxes": [
          BBox {
            "height": 23,
            "width": 140,
            "x": 0,
            "y": 0,
          },
          BBox {
            "height": 23,
            "width": 140,
            "x": 0,
            "y": 0,
          },
        ],
        "columnHeight": 46,
        "columnWidth": 140,
        "indices": [
          3,
          7,
        ],
      },
    ],
    "endIndex": 7,
    "pageHeight": 46,
    "pageWidth": 500,
    "startIndex": 0,
  },
  {
    "columns": [
      {
        "bboxes": [
          BBox {
            "height": 23,
            "width": 100,
            "x": 0,
            "y": 0,
          },
          BBox {
            "height": 23,
            "width": 100,
            "x": 0,
            "y": 0,
          },
        ],
        "columnHeight": 46,
        "columnWidth": 100,
        "indices": [
          8,
          12,
        ],
      },
      {
        "bboxes": [
          BBox {
            "height": 23,
            "width": 120,
            "x": 0,
            "y": 0,
          },
          BBox {
            "height": 23,
            "width": 120,
            "x": 0,
            "y": 0,
          },
        ],
        "columnHeight": 46,
        "columnWidth": 120,
        "indices": [
          9,
          13,
        ],
      },
      {
        "bboxes": [
          BBox {
            "height": 23,
            "width": 140,
            "x": 0,
            "y": 0,
          },
          BBox {
            "height": 23,
            "width": 140,
            "x": 0,
            "y": 0,
          },
        ],
        "columnHeight": 46,
        "columnWidth": 140,
        "indices": [
          10,
          14,
        ],
      },
      {
        "bboxes": [
          BBox {
            "height": 23,
            "width": 140,
            "x": 0,
            "y": 0,
          },
          BBox {
            "height": 23,
            "width": 140,
            "x": 0,
            "y": 0,
          },
        ],
        "columnHeight": 46,
        "columnWidth": 140,
        "indices": [
          11,
          15,
        ],
      },
    ],
    "endIndex": 15,
    "pageHeight": 46,
    "pageWidth": 500,
    "startIndex": 8,
  },
]
`;

exports[`vertical layout one column, multiple rows, one page 1`] = `
[
  {
    "columns": [
      {
        "bboxes": [
          BBox {
            "height": 23,
            "width": 100,
            "x": 0,
            "y": 0,
          },
          BBox {
            "height": 23,
            "width": 120,
            "x": 0,
            "y": 0,
          },
          BBox {
            "height": 23,
            "width": 140,
            "x": 0,
            "y": 0,
          },
          BBox {
            "height": 23,
            "width": 140,
            "x": 0,
            "y": 0,
          },
        ],
        "columnHeight": 92,
        "columnWidth": 140,
        "indices": [
          0,
          1,
          2,
          3,
        ],
      },
    ],
    "endIndex": 3,
    "pageHeight": 92,
    "pageWidth": 140,
    "startIndex": 0,
  },
]
`;

exports[`vertical layout two columns, multiple rows, one page 1`] = `
[
  {
    "columns": [
      {
        "bboxes": [
          BBox {
            "height": 23,
            "width": 100,
            "x": 0,
            "y": 0,
          },
          BBox {
            "height": 23,
            "width": 120,
            "x": 0,
            "y": 0,
          },
          BBox {
            "height": 23,
            "width": 140,
            "x": 0,
            "y": 0,
          },
          BBox {
            "height": 23,
            "width": 140,
            "x": 0,
            "y": 0,
          },
        ],
        "columnHeight": 92,
        "columnWidth": 140,
        "indices": [
          0,
          1,
          2,
          3,
        ],
      },
      {
        "bboxes": [
          BBox {
            "height": 23,
            "width": 100,
            "x": 0,
            "y": 0,
          },
          BBox {
            "height": 23,
            "width": 120,
            "x": 0,
            "y": 0,
          },
          BBox {
            "height": 23,
            "width": 140,
            "x": 0,
            "y": 0,
          },
          BBox {
            "height": 23,
            "width": 140,
            "x": 0,
            "y": 0,
          },
        ],
        "columnHeight": 92,
        "columnWidth": 140,
        "indices": [
          4,
          5,
          6,
          7,
        ],
      },
    ],
    "endIndex": 7,
    "pageHeight": 92,
    "pageWidth": 280,
    "startIndex": 0,
  },
]
`;

exports[`vertical layout two columns, multiple rows, one page, mixed item widths in single column  1`] = `
[
  {
    "columns": [
      {
        "bboxes": [
          BBox {
            "height": 23,
            "width": 100,
            "x": 0,
            "y": 0,
          },
          BBox {
            "height": 23,
            "width": 120,
            "x": 0,
            "y": 0,
          },
          BBox {
            "height": 23,
            "width": 125,
            "x": 0,
            "y": 0,
          },
          BBox {
            "height": 23,
            "width": 130,
            "x": 0,
            "y": 0,
          },
        ],
        "columnHeight": 92,
        "columnWidth": 130,
        "indices": [
          0,
          1,
          2,
          3,
        ],
      },
      {
        "bboxes": [
          BBox {
            "height": 23,
            "width": 130,
            "x": 0,
            "y": 0,
          },
          BBox {
            "height": 23,
            "width": 125,
            "x": 0,
            "y": 0,
          },
          BBox {
            "height": 23,
            "width": 120,
            "x": 0,
            "y": 0,
          },
          BBox {
            "height": 23,
            "width": 100,
            "x": 0,
            "y": 0,
          },
        ],
        "columnHeight": 92,
        "columnWidth": 130,
        "indices": [
          4,
          5,
          6,
          7,
        ],
      },
    ],
    "endIndex": 7,
    "pageHeight": 92,
    "pageWidth": 260,
    "startIndex": 0,
  },
]
`;

exports[`vertical layout two columns, multiple rows, two page, mixed item widths in single column  1`] = `
[
  {
    "columns": [
      {
        "bboxes": [
          BBox {
            "height": 23,
            "width": 100,
            "x": 0,
            "y": 0,
          },
          BBox {
            "height": 23,
            "width": 120,
            "x": 0,
            "y": 0,
          },
          BBox {
            "height": 23,
            "width": 125,
            "x": 0,
            "y": 0,
          },
          BBox {
            "height": 23,
            "width": 130,
            "x": 0,
            "y": 0,
          },
        ],
        "columnHeight": 92,
        "columnWidth": 130,
        "indices": [
          0,
          1,
          2,
          3,
        ],
      },
      {
        "bboxes": [
          BBox {
            "height": 23,
            "width": 130,
            "x": 0,
            "y": 0,
          },
          BBox {
            "height": 23,
            "width": 125,
            "x": 0,
            "y": 0,
          },
          BBox {
            "height": 23,
            "width": 120,
            "x": 0,
            "y": 0,
          },
          BBox {
            "height": 23,
            "width": 100,
            "x": 0,
            "y": 0,
          },
        ],
        "columnHeight": 92,
        "columnWidth": 130,
        "indices": [
          4,
          5,
          6,
          7,
        ],
      },
    ],
    "endIndex": 7,
    "pageHeight": 92,
    "pageWidth": 260,
    "startIndex": 0,
  },
  {
    "columns": [
      {
        "bboxes": [
          BBox {
            "height": 23,
            "width": 100,
            "x": 0,
            "y": 0,
          },
          BBox {
            "height": 23,
            "width": 120,
            "x": 0,
            "y": 0,
          },
          BBox {
            "height": 23,
            "width": 125,
            "x": 0,
            "y": 0,
          },
          BBox {
            "height": 23,
            "width": 130,
            "x": 0,
            "y": 0,
          },
        ],
        "columnHeight": 92,
        "columnWidth": 130,
        "indices": [
          8,
          9,
          10,
          11,
        ],
      },
      {
        "bboxes": [
          BBox {
            "height": 23,
            "width": 130,
            "x": 0,
            "y": 0,
          },
          BBox {
            "height": 23,
            "width": 125,
            "x": 0,
            "y": 0,
          },
          BBox {
            "height": 23,
            "width": 120,
            "x": 0,
            "y": 0,
          },
          BBox {
            "height": 23,
            "width": 100,
            "x": 0,
            "y": 0,
          },
        ],
        "columnHeight": 92,
        "columnWidth": 130,
        "indices": [
          12,
          13,
          14,
          15,
        ],
      },
    ],
    "endIndex": 15,
    "pageHeight": 92,
    "pageWidth": 260,
    "startIndex": 8,
  },
]
`;

exports[`vertical layout two columns, multiple rows, two pages 1`] = `
[
  {
    "columns": [
      {
        "bboxes": [
          BBox {
            "height": 23,
            "width": 100,
            "x": 0,
            "y": 0,
          },
          BBox {
            "height": 23,
            "width": 120,
            "x": 0,
            "y": 0,
          },
          BBox {
            "height": 23,
            "width": 140,
            "x": 0,
            "y": 0,
          },
          BBox {
            "height": 23,
            "width": 140,
            "x": 0,
            "y": 0,
          },
        ],
        "columnHeight": 92,
        "columnWidth": 140,
        "indices": [
          0,
          1,
          2,
          3,
        ],
      },
      {
        "bboxes": [
          BBox {
            "height": 23,
            "width": 100,
            "x": 0,
            "y": 0,
          },
          BBox {
            "height": 23,
            "width": 120,
            "x": 0,
            "y": 0,
          },
          BBox {
            "height": 23,
            "width": 140,
            "x": 0,
            "y": 0,
          },
          BBox {
            "height": 23,
            "width": 140,
            "x": 0,
            "y": 0,
          },
        ],
        "columnHeight": 92,
        "columnWidth": 140,
        "indices": [
          4,
          5,
          6,
          7,
        ],
      },
    ],
    "endIndex": 7,
    "pageHeight": 92,
    "pageWidth": 280,
    "startIndex": 0,
  },
  {
    "columns": [
      {
        "bboxes": [
          BBox {
            "height": 23,
            "width": 100,
            "x": 0,
            "y": 0,
          },
          BBox {
            "height": 23,
            "width": 120,
            "x": 0,
            "y": 0,
          },
          BBox {
            "height": 23,
            "width": 140,
            "x": 0,
            "y": 0,
          },
          BBox {
            "height": 23,
            "width": 140,
            "x": 0,
            "y": 0,
          },
        ],
        "columnHeight": 92,
        "columnWidth": 140,
        "indices": [
          8,
          9,
          10,
          11,
        ],
      },
      {
        "bboxes": [
          BBox {
            "height": 23,
            "width": 100,
            "x": 0,
            "y": 0,
          },
          BBox {
            "height": 23,
            "width": 120,
            "x": 0,
            "y": 0,
          },
          BBox {
            "height": 23,
            "width": 140,
            "x": 0,
            "y": 0,
          },
          BBox {
            "height": 23,
            "width": 140,
            "x": 0,
            "y": 0,
          },
        ],
        "columnHeight": 92,
        "columnWidth": 140,
        "indices": [
          12,
          13,
          14,
          15,
        ],
      },
    ],
    "endIndex": 15,
    "pageHeight": 92,
    "pageWidth": 280,
    "startIndex": 8,
  },
]
`;
