// Jest Snapshot v1, https://goo.gl/fbAQLP

exports[`HierarchySeries creates a hierarchy 1`] = `
HierarchyNode {
  "children": [
    HierarchyNode {
      "children": [
        HierarchyNode {
          "children": [],
          "depth": 1,
          "fill": "#c16068",
          "index": 2,
          "midPoint": {
            "x": 0,
            "y": 0,
          },
          "size": 1,
          "stroke": "#874349",
          "sumSize": 1,
        },
        HierarchyNode {
          "children": [],
          "depth": 1,
          "fill": "#c16068",
          "index": 3,
          "midPoint": {
            "x": 0,
            "y": 0,
          },
          "size": 2,
          "stroke": "#874349",
          "sumSize": 2,
        },
        HierarchyNode {
          "children": [],
          "depth": 1,
          "fill": "#c16068",
          "index": 4,
          "midPoint": {
            "x": 0,
            "y": 0,
          },
          "size": 3,
          "stroke": "#874349",
          "sumSize": 3,
        },
      ],
      "depth": 0,
      "fill": "#c16068",
      "index": 1,
      "midPoint": {
        "x": 0,
        "y": 0,
      },
      "size": 5,
      "stroke": "#874349",
      "sumSize": 11,
    },
    HierarchyNode {
      "children": [
        HierarchyNode {
          "children": [],
          "depth": 1,
          "fill": "#a2bf8a",
          "index": 6,
          "midPoint": {
            "x": 0,
            "y": 0,
          },
          "size": 1,
          "stroke": "#718661",
          "sumSize": 1,
        },
        HierarchyNode {
          "children": [
            HierarchyNode {
              "children": [],
              "depth": 2,
              "fill": "#a2bf8a",
              "index": 8,
              "midPoint": {
                "x": 0,
                "y": 0,
              },
              "size": 4,
              "stroke": "#718661",
              "sumSize": 4,
            },
            HierarchyNode {
              "children": [],
              "depth": 2,
              "fill": "#a2bf8a",
              "index": 9,
              "midPoint": {
                "x": 0,
                "y": 0,
              },
              "size": 5,
              "stroke": "#718661",
              "sumSize": 5,
            },
            HierarchyNode {
              "children": [],
              "depth": 2,
              "fill": "#a2bf8a",
              "index": 10,
              "midPoint": {
                "x": 0,
                "y": 0,
              },
              "size": 6,
              "stroke": "#718661",
              "sumSize": 6,
            },
          ],
          "depth": 1,
          "fill": "#a2bf8a",
          "index": 7,
          "midPoint": {
            "x": 0,
            "y": 0,
          },
          "size": 2,
          "stroke": "#718661",
          "sumSize": 17,
        },
        HierarchyNode {
          "children": [
            HierarchyNode {
              "children": [],
              "depth": 2,
              "fill": "#a2bf8a",
              "index": 12,
              "midPoint": {
                "x": 0,
                "y": 0,
              },
              "size": 7,
              "stroke": "#718661",
              "sumSize": 7,
            },
          ],
          "depth": 1,
          "fill": "#a2bf8a",
          "index": 11,
          "midPoint": {
            "x": 0,
            "y": 0,
          },
          "size": 3,
          "stroke": "#718661",
          "sumSize": 10,
        },
      ],
      "depth": 0,
      "fill": "#a2bf8a",
      "index": 5,
      "midPoint": {
        "x": 0,
        "y": 0,
      },
      "size": 5,
      "stroke": "#718661",
      "sumSize": 33,
    },
  ],
  "depth": undefined,
  "fill": undefined,
  "index": 0,
  "midPoint": {
    "x": 0,
    "y": 0,
  },
  "size": 0,
  "stroke": undefined,
  "sumSize": 44,
}
`;
