// Jest Snapshot v1, https://goo.gl/fbAQLP

exports[`Feature Combinations Context Menu and Zoom when fully zoomed in it should only enable the pan option 1`] = `
HTMLCollection [
  <div
    class="ag-chart-context-menu"
    style="display: block; left: 0px; top: calc(0px - 0.5em);"
  >
    <div
      class="ag-chart-context-menu__menu"
    >
      <button
        class="ag-chart-context-menu__item"
        tabindex="-1"
      >
        Download
      </button>
      <button
        class="ag-chart-context-menu__item"
        tabindex="-1"
      >
        Zoom to here
      </button>
      <button
        class="ag-chart-context-menu__item"
        tabindex="-1"
      >
        Pan to here
      </button>
    </div>
  </div>,
]
`;

exports[`Feature Combinations Context Menu and Zoom when fully zoomed out it should only enable the zoom option 1`] = `
HTMLCollection [
  <div
    class="ag-chart-context-menu"
    style="display: block; left: 0px; top: calc(0px - 0.5em);"
  >
    <div
      class="ag-chart-context-menu__menu"
    >
      <button
        class="ag-chart-context-menu__item"
        tabindex="-1"
      >
        Download
      </button>
      <button
        class="ag-chart-context-menu__item"
        tabindex="-1"
      >
        Zoom to here
      </button>
      <button
        class="ag-chart-context-menu__item"
        tabindex="-1"
      >
        Pan to here
      </button>
    </div>
  </div>,
]
`;

exports[`Feature Combinations Context Menu and Zoom when zoomed in it should enable both the zoom and pan options 1`] = `
HTMLCollection [
  <div
    class="ag-chart-context-menu"
    style="display: block; left: 0px; top: calc(0px - 0.5em);"
  >
    <div
      class="ag-chart-context-menu__menu"
    >
      <button
        class="ag-chart-context-menu__item"
        tabindex="-1"
      >
        Download
      </button>
      <button
        class="ag-chart-context-menu__item"
        tabindex="-1"
      >
        Zoom to here
      </button>
      <button
        class="ag-chart-context-menu__item"
        tabindex="-1"
      >
        Pan to here
      </button>
    </div>
  </div>,
]
`;
